Command line invocation:
    /Applications/Xcode.app/Contents/Developer/usr/bin/xcodebuild -project NetUtil.xcodeproj -scheme NetUtil -configuration Release -destination platform=macOS "ARCHS=arm64 x86_64"

Build settings from command line:
    ARCHS = arm64 x86_64

2026-05-31 12:51:59.456 xcodebuild[35059:357147] [MT] IDERunDestination: Supported platforms for the buildables in the current scheme is empty.
--- xcodebuild: WARNING: Using the first of multiple matching destinations:
{ platform:macOS, arch:arm64, id:00008112-0016186821E3601E, name:My Mac }
{ platform:macOS, arch:x86_64, id:00008112-0016186821E3601E, name:My Mac }
ComputePackagePrebuildTargetDependencyGraph

Prepare packages

CreateBuildRequest

SendProjectDescription

CreateBuildOperation

ComputeTargetDependencyGraph
note: Building targets in dependency order
note: Target dependency graph (1 target)
    Target 'NetUtil' in project 'NetUtil' (no dependencies)

GatherProvisioningInputs

CreateBuildDescription

ExecuteExternalTool /Applications/Xcode.app/Contents/Developer/Toolchains/XcodeDefault.xctoolchain/usr/bin/clang -v -E -dM -isysroot /Applications/Xcode.app/Contents/Developer/Platforms/MacOSX.platform/Developer/SDKs/MacOSX26.5.sdk -x c -c /dev/null

ExecuteExternalTool /Applications/Xcode.app/Contents/Developer/usr/bin/actool --version --output-format xml1

ExecuteExternalTool /Applications/Xcode.app/Contents/Developer/Toolchains/XcodeDefault.xctoolchain/usr/bin/swiftc --version

ExecuteExternalTool /Applications/Xcode.app/Contents/Developer/Toolchains/XcodeDefault.xctoolchain/usr/bin/ld -version_details

Build description signature: 55a346863efa9bc727612dfb155881b7
Build description path: /Users/aderamdani/Library/Developer/Xcode/DerivedData/NetUtil-erdyhesjnozaeocouhrpsswrgijp/Build/Intermediates.noindex/XCBuildData/55a346863efa9bc727612dfb155881b7.xcbuilddata
ClangStatCache /Applications/Xcode.app/Contents/Developer/Toolchains/XcodeDefault.xctoolchain/usr/bin/clang-stat-cache /Applications/Xcode.app/Contents/Developer/Platforms/MacOSX.platform/Developer/SDKs/MacOSX26.5.sdk /Users/aderamdani/Library/Developer/Xcode/DerivedData/SDKStatCaches.noindex/macosx26.5-25F70-e082c4a02f00227109f4ed75e425c832.sdkstatcache
    cd /Users/aderamdani/Developer/NetUtil/NetUtil.xcodeproj
    /Applications/Xcode.app/Contents/Developer/Toolchains/XcodeDefault.xctoolchain/usr/bin/clang-stat-cache /Applications/Xcode.app/Contents/Developer/Platforms/MacOSX.platform/Developer/SDKs/MacOSX26.5.sdk -o /Users/aderamdani/Library/Developer/Xcode/DerivedData/SDKStatCaches.noindex/macosx26.5-25F70-e082c4a02f00227109f4ed75e425c832.sdkstatcache

WriteAuxiliaryFile /Users/aderamdani/Library/Developer/Xcode/DerivedData/NetUtil-erdyhesjnozaeocouhrpsswrgijp/Build/Intermediates.noindex/NetUtil.build/Release/NetUtil.build/Objects-normal/arm64/NetUtil.SwiftFileList (in target 'NetUtil' from project 'NetUtil')
    cd /Users/aderamdani/Developer/NetUtil
    write-file /Users/aderamdani/Library/Developer/Xcode/DerivedData/NetUtil-erdyhesjnozaeocouhrpsswrgijp/Build/Intermediates.noindex/NetUtil.build/Release/NetUtil.build/Objects-normal/arm64/NetUtil.SwiftFileList

WriteAuxiliaryFile /Users/aderamdani/Library/Developer/Xcode/DerivedData/NetUtil-erdyhesjnozaeocouhrpsswrgijp/Build/Intermediates.noindex/NetUtil.build/Release/NetUtil.build/Objects-normal/arm64/NetUtil-OutputFileMap.json (in target 'NetUtil' from project 'NetUtil')
    cd /Users/aderamdani/Developer/NetUtil
    write-file /Users/aderamdani/Library/Developer/Xcode/DerivedData/NetUtil-erdyhesjnozaeocouhrpsswrgijp/Build/Intermediates.noindex/NetUtil.build/Release/NetUtil.build/Objects-normal/arm64/NetUtil-OutputFileMap.json

WriteAuxiliaryFile /Users/aderamdani/Library/Developer/Xcode/DerivedData/NetUtil-erdyhesjnozaeocouhrpsswrgijp/Build/Intermediates.noindex/NetUtil.build/Release/NetUtil.build/Objects-normal/arm64/NetUtil.LinkFileList (in target 'NetUtil' from project 'NetUtil')
    cd /Users/aderamdani/Developer/NetUtil
    write-file /Users/aderamdani/Library/Developer/Xcode/DerivedData/NetUtil-erdyhesjnozaeocouhrpsswrgijp/Build/Intermediates.noindex/NetUtil.build/Release/NetUtil.build/Objects-normal/arm64/NetUtil.LinkFileList

ProcessInfoPlistFile /Users/aderamdani/Library/Developer/Xcode/DerivedData/NetUtil-erdyhesjnozaeocouhrpsswrgijp/Build/Products/Release/NetUtil.app/Contents/Info.plist /Users/aderamdani/Library/Developer/Xcode/DerivedData/NetUtil-erdyhesjnozaeocouhrpsswrgijp/Build/Intermediates.noindex/NetUtil.build/Release/NetUtil.build/empty-NetUtil.plist (in target 'NetUtil' from project 'NetUtil')
    cd /Users/aderamdani/Developer/NetUtil
    builtin-infoPlistUtility /Users/aderamdani/Library/Developer/Xcode/DerivedData/NetUtil-erdyhesjnozaeocouhrpsswrgijp/Build/Intermediates.noindex/NetUtil.build/Release/NetUtil.build/empty-NetUtil.plist -producttype com.apple.product-type.application -genpkginfo /Users/aderamdani/Library/Developer/Xcode/DerivedData/NetUtil-erdyhesjnozaeocouhrpsswrgijp/Build/Products/Release/NetUtil.app/Contents/PkgInfo -expandbuildsettings -platform macosx -additionalcontentfile /Users/aderamdani/Library/Developer/Xcode/DerivedData/NetUtil-erdyhesjnozaeocouhrpsswrgijp/Build/Intermediates.noindex/NetUtil.build/Release/NetUtil.build/assetcatalog_generated_info.plist -o /Users/aderamdani/Library/Developer/Xcode/DerivedData/NetUtil-erdyhesjnozaeocouhrpsswrgijp/Build/Products/Release/NetUtil.app/Contents/Info.plist

SwiftDriver NetUtil normal arm64 com.apple.xcode.tools.swift.compiler (in target 'NetUtil' from project 'NetUtil')
    cd /Users/aderamdani/Developer/NetUtil
    builtin-SwiftDriver -- /Applications/Xcode.app/Contents/Developer/Toolchains/XcodeDefault.xctoolchain/usr/bin/swiftc -module-name NetUtil -O -whole-module-optimization @/Users/aderamdani/Library/Developer/Xcode/DerivedData/NetUtil-erdyhesjnozaeocouhrpsswrgijp/Build/Intermediates.noindex/NetUtil.build/Release/NetUtil.build/Objects-normal/arm64/NetUtil.SwiftFileList -default-isolation\=MainActor -enable-bare-slash-regex -enable-upcoming-feature DisableOutwardActorInference -enable-upcoming-feature InferSendableFromCaptures -enable-upcoming-feature GlobalActorIsolatedTypesUsability -enable-upcoming-feature MemberImportVisibility -enable-upcoming-feature InferIsolatedConformances -enable-upcoming-feature NonisolatedNonsendingByDefault -enable-experimental-feature DebugDescriptionMacro -sdk /Applications/Xcode.app/Contents/Developer/Platforms/MacOSX.platform/Developer/SDKs/MacOSX26.5.sdk -target arm64-apple-macos26.5 -g -module-cache-path /Users/aderamdani/Library/Developer/Xcode/DerivedData/ModuleCache.noindex -Xfrontend -serialize-debugging-options -profile-coverage-mapping -profile-generate -swift-version 5 -I /Users/aderamdani/Library/Developer/Xcode/DerivedData/NetUtil-erdyhesjnozaeocouhrpsswrgijp/Build/Products/Release -F /Users/aderamdani/Library/Developer/Xcode/DerivedData/NetUtil-erdyhesjnozaeocouhrpsswrgijp/Build/Products/Release -emit-localized-strings -emit-localized-strings-path /Users/aderamdani/Library/Developer/Xcode/DerivedData/NetUtil-erdyhesjnozaeocouhrpsswrgijp/Build/Intermediates.noindex/NetUtil.build/Release/NetUtil.build/Objects-normal/arm64 -c -num-threads 8 -Xcc -ivfsstatcache -Xcc /Users/aderamdani/Library/Developer/Xcode/DerivedData/SDKStatCaches.noindex/macosx26.5-25F70-e082c4a02f00227109f4ed75e425c832.sdkstatcache -output-file-map /Users/aderamdani/Library/Developer/Xcode/DerivedData/NetUtil-erdyhesjnozaeocouhrpsswrgijp/Build/Intermediates.noindex/NetUtil.build/Release/NetUtil.build/Objects-normal/arm64/NetUtil-OutputFileMap.json -use-frontend-parseable-output -save-temps -no-color-diagnostics -explicit-module-build -module-cache-path /Users/aderamdani/Library/Developer/Xcode/DerivedData/NetUtil-erdyhesjnozaeocouhrpsswrgijp/Build/Intermediates.noindex/SwiftExplicitPrecompiledModules -clang-scanner-module-cache-path /Users/aderamdani/Library/Developer/Xcode/DerivedData/ModuleCache.noindex -sdk-module-cache-path /Users/aderamdani/Library/Developer/Xcode/DerivedData/ModuleCache.noindex -serialize-diagnostics -emit-dependencies -emit-module -emit-module-path /Users/aderamdani/Library/Developer/Xcode/DerivedData/NetUtil-erdyhesjnozaeocouhrpsswrgijp/Build/Intermediates.noindex/NetUtil.build/Release/NetUtil.build/Objects-normal/arm64/NetUtil.swiftmodule -validate-clang-modules-once -clang-build-session-file /Users/aderamdani/Library/Developer/Xcode/DerivedData/ModuleCache.noindex/Session.modulevalidation -Xcc -I/Users/aderamdani/Library/Developer/Xcode/DerivedData/NetUtil-erdyhesjnozaeocouhrpsswrgijp/Build/Intermediates.noindex/NetUtil.build/Release/NetUtil.build/swift-overrides.hmap -emit-const-values -Xfrontend -const-gather-protocols-file -Xfrontend /Users/aderamdani/Library/Developer/Xcode/DerivedData/NetUtil-erdyhesjnozaeocouhrpsswrgijp/Build/Intermediates.noindex/NetUtil.build/Release/NetUtil.build/Objects-normal/arm64/NetUtil_const_extract_protocols.json -Xcc -iquote -Xcc /Users/aderamdani/Library/Developer/Xcode/DerivedData/NetUtil-erdyhesjnozaeocouhrpsswrgijp/Build/Intermediates.noindex/NetUtil.build/Release/NetUtil.build/NetUtil-generated-files.hmap -Xcc -I/Users/aderamdani/Library/Developer/Xcode/DerivedData/NetUtil-erdyhesjnozaeocouhrpsswrgijp/Build/Intermediates.noindex/NetUtil.build/Release/NetUtil.build/NetUtil-own-target-headers.hmap -Xcc -I/Users/aderamdani/Library/Developer/Xcode/DerivedData/NetUtil-erdyhesjnozaeocouhrpsswrgijp/Build/Intermediates.noindex/NetUtil.build/Release/NetUtil.build/NetUtil-all-target-headers.hmap -Xcc -iquote -Xcc /Users/aderamdani/Library/Developer/Xcode/DerivedData/NetUtil-erdyhesjnozaeocouhrpsswrgijp/Build/Intermediates.noindex/NetUtil.build/Release/NetUtil.build/NetUtil-project-headers.hmap -Xcc -I/Users/aderamdani/Library/Developer/Xcode/DerivedData/NetUtil-erdyhesjnozaeocouhrpsswrgijp/Build/Products/Release/include -Xcc -I/Users/aderamdani/Library/Developer/Xcode/DerivedData/NetUtil-erdyhesjnozaeocouhrpsswrgijp/Build/Intermediates.noindex/NetUtil.build/Release/NetUtil.build/DerivedSources-normal/arm64 -Xcc -I/Users/aderamdani/Library/Developer/Xcode/DerivedData/NetUtil-erdyhesjnozaeocouhrpsswrgijp/Build/Intermediates.noindex/NetUtil.build/Release/NetUtil.build/DerivedSources/arm64 -Xcc -I/Users/aderamdani/Library/Developer/Xcode/DerivedData/NetUtil-erdyhesjnozaeocouhrpsswrgijp/Build/Intermediates.noindex/NetUtil.build/Release/NetUtil.build/DerivedSources -emit-objc-header -emit-objc-header-path /Users/aderamdani/Library/Developer/Xcode/DerivedData/NetUtil-erdyhesjnozaeocouhrpsswrgijp/Build/Intermediates.noindex/NetUtil.build/Release/NetUtil.build/Objects-normal/arm64/NetUtil-Swift.h -working-directory /Users/aderamdani/Developer/NetUtil -no-emit-module-separately-wmo
/Users/aderamdani/Developer/NetUtil/NetUtil/Models/Exporter.swift:689:1: error: extraneous '}' at top level
}
^
/Users/aderamdani/Developer/NetUtil/NetUtil/Models/Exporter.swift:689:1: error: Extraneous '}' at top level
}
^ (in target 'NetUtil' from project 'NetUtil')

** BUILD FAILED **


The following build commands failed:
	SwiftDriver NetUtil normal arm64 com.apple.xcode.tools.swift.compiler (in target 'NetUtil' from project 'NetUtil')
	Building project NetUtil with scheme NetUtil and configuration Release
(2 failures)
