Command line invocation:
    /Applications/Xcode.app/Contents/Developer/usr/bin/xcodebuild -project NetUtil.xcodeproj -scheme NetUtil -configuration Debug

ComputePackagePrebuildTargetDependencyGraph

Prepare packages

CreateBuildRequest

SendProjectDescription

CreateBuildOperation

ComputeTargetDependencyGraph
note: Building targets in dependency order
note: Target dependency graph (1 target)
    Target 'NetUtil' in project 'NetUtil' (no dependencies)

GatherProvisioningInputs

CreateBuildDescription

ExecuteExternalTool /Applications/Xcode.app/Contents/Developer/Toolchains/XcodeDefault.xctoolchain/usr/bin/clang -v -E -dM -isysroot /Applications/Xcode.app/Contents/Developer/Platforms/MacOSX.platform/Developer/SDKs/MacOSX26.5.sdk -x c -c /dev/null

ExecuteExternalTool /Applications/Xcode.app/Contents/Developer/usr/bin/actool --version --output-format xml1

ExecuteExternalTool /Applications/Xcode.app/Contents/Developer/Toolchains/XcodeDefault.xctoolchain/usr/bin/swiftc --version

ExecuteExternalTool /Applications/Xcode.app/Contents/Developer/Toolchains/XcodeDefault.xctoolchain/usr/bin/ld -version_details

Build description signature: 60d4b27fcc3728e33ba68a46554df62d
Build description path: /Users/aderamdani/Library/Developer/Xcode/DerivedData/NetUtil-erdyhesjnozaeocouhrpsswrgijp/Build/Intermediates.noindex/XCBuildData/60d4b27fcc3728e33ba68a46554df62d.xcbuilddata
ClangStatCache /Applications/Xcode.app/Contents/Developer/Toolchains/XcodeDefault.xctoolchain/usr/bin/clang-stat-cache /Applications/Xcode.app/Contents/Developer/Platforms/MacOSX.platform/Developer/SDKs/MacOSX26.5.sdk /Users/aderamdani/Library/Developer/Xcode/DerivedData/SDKStatCaches.noindex/macosx26.5-25F70-e082c4a02f00227109f4ed75e425c832.sdkstatcache
    cd /Users/aderamdani/Developer/NetUtil/NetUtil.xcodeproj
    /Applications/Xcode.app/Contents/Developer/Toolchains/XcodeDefault.xctoolchain/usr/bin/clang-stat-cache /Applications/Xcode.app/Contents/Developer/Platforms/MacOSX.platform/Developer/SDKs/MacOSX26.5.sdk -o /Users/aderamdani/Library/Developer/Xcode/DerivedData/SDKStatCaches.noindex/macosx26.5-25F70-e082c4a02f00227109f4ed75e425c832.sdkstatcache

ProcessInfoPlistFile /Users/aderamdani/Library/Developer/Xcode/DerivedData/NetUtil-erdyhesjnozaeocouhrpsswrgijp/Build/Products/Debug/NetUtil.app/Contents/Info.plist /Users/aderamdani/Library/Developer/Xcode/DerivedData/NetUtil-erdyhesjnozaeocouhrpsswrgijp/Build/Intermediates.noindex/NetUtil.build/Debug/NetUtil.build/empty-NetUtil.plist (in target 'NetUtil' from project 'NetUtil')
    cd /Users/aderamdani/Developer/NetUtil
    builtin-infoPlistUtility /Users/aderamdani/Library/Developer/Xcode/DerivedData/NetUtil-erdyhesjnozaeocouhrpsswrgijp/Build/Intermediates.noindex/NetUtil.build/Debug/NetUtil.build/empty-NetUtil.plist -producttype com.apple.product-type.application -genpkginfo /Users/aderamdani/Library/Developer/Xcode/DerivedData/NetUtil-erdyhesjnozaeocouhrpsswrgijp/Build/Products/Debug/NetUtil.app/Contents/PkgInfo -expandbuildsettings -platform macosx -additionalcontentfile /Users/aderamdani/Library/Developer/Xcode/DerivedData/NetUtil-erdyhesjnozaeocouhrpsswrgijp/Build/Intermediates.noindex/NetUtil.build/Debug/NetUtil.build/assetcatalog_generated_info.plist -o /Users/aderamdani/Library/Developer/Xcode/DerivedData/NetUtil-erdyhesjnozaeocouhrpsswrgijp/Build/Products/Debug/NetUtil.app/Contents/Info.plist

CopySwiftLibs /Users/aderamdani/Library/Developer/Xcode/DerivedData/NetUtil-erdyhesjnozaeocouhrpsswrgijp/Build/Products/Debug/NetUtil.app (in target 'NetUtil' from project 'NetUtil')
    cd /Users/aderamdani/Developer/NetUtil
    builtin-swiftStdLibTool --copy --verbose --sign - --scan-executable /Users/aderamdani/Library/Developer/Xcode/DerivedData/NetUtil-erdyhesjnozaeocouhrpsswrgijp/Build/Products/Debug/NetUtil.app/Contents/MacOS/NetUtil.debug.dylib --scan-folder /Users/aderamdani/Library/Developer/Xcode/DerivedData/NetUtil-erdyhesjnozaeocouhrpsswrgijp/Build/Products/Debug/NetUtil.app/Contents/Frameworks --scan-folder /Users/aderamdani/Library/Developer/Xcode/DerivedData/NetUtil-erdyhesjnozaeocouhrpsswrgijp/Build/Products/Debug/NetUtil.app/Contents/PlugIns --scan-folder /Users/aderamdani/Library/Developer/Xcode/DerivedData/NetUtil-erdyhesjnozaeocouhrpsswrgijp/Build/Products/Debug/NetUtil.app/Contents/Library/SystemExtensions --scan-folder /Users/aderamdani/Library/Developer/Xcode/DerivedData/NetUtil-erdyhesjnozaeocouhrpsswrgijp/Build/Products/Debug/NetUtil.app/Contents/Extensions --scan-folder /Applications/Xcode.app/Contents/Developer/Platforms/MacOSX.platform/Developer/SDKs/MacOSX26.5.sdk/System/Library/Frameworks/CoreWLAN.framework --platform macosx --toolchain /Applications/Xcode.app/Contents/Developer/Toolchains/XcodeDefault.xctoolchain --destination /Users/aderamdani/Library/Developer/Xcode/DerivedData/NetUtil-erdyhesjnozaeocouhrpsswrgijp/Build/Products/Debug/NetUtil.app/Contents/Frameworks --strip-bitcode --strip-bitcode-tool /Applications/Xcode.app/Contents/Developer/Toolchains/XcodeDefault.xctoolchain/usr/bin/bitcode_strip --emit-dependency-info /Users/aderamdani/Library/Developer/Xcode/DerivedData/NetUtil-erdyhesjnozaeocouhrpsswrgijp/Build/Intermediates.noindex/NetUtil.build/Debug/NetUtil.build/SwiftStdLibToolInputDependencies.dep --filter-for-swift-os

** BUILD SUCCEEDED **

